[palcacer.wixsite.com/palcacer.html]
[www.wix.com/favicon.ico]
[static.parastorage.com/unpkg/@formatjs/intl-segmenter@11.7.10/polyfill.iife.js]
[static.parastorage.com/unpkg/core-js-bundle@3.2.1/minified.js]
[static.parastorage.com/unpkg/focus-within-polyfill@5.0.9/dist/focus-within-polyfill.js]
[palcacer.wixsite.com/index.html]
[palcacer.wixsite.com/t.5.delayed]
[palcacer.wixsite.com/e.6.delayed]
[backblue.gif]
[fade.gif]
[index.html]
[palcacer.wixsite.com/palcacer/de.html]
[palcacer.wixsite.com/palcacer/en.html]
[palcacer.wixsite.com/palcacer/it.html]
[static.wixstatic.com/media/11062b_5a5073410c4a464c8b2c31b44c8d7083_mv2.png/v1/fill/w_26,h_26,al_c,q_85,usm_0.66_1.00_0.01,enc_avif,quality_auto/11062b_5a5073410c4a464c8b2c31b44c8d7083_mv2.png]
[palcacer.wixsite.com/palcacer/ca.html]
[palcacer.wixsite.com/palcacer/fr.html]
[static.wixstatic.com/media/4057345bcf57474b96976284050c00df.png/v1/fill/w_26,h_26,al_c,q_85,usm_0.66_1.00_0.01,enc_avif,quality_auto/4057345bcf57474b96976284050c00df.png]
[static.wixstatic.com/media/78aa2057f0cb42fbbaffcbc36280a64a.png/v1/fill/w_26,h_26,al_c,q_85,usm_0.66_1.00_0.01,enc_avif,quality_auto/78aa2057f0cb42fbbaffcbc36280a64a.png]
[static.wixstatic.com/media/e1aa082f7c0747168d9cf43e77046142.png/v1/fill/w_26,h_26,al_c,q_85,usm_0.66_1.00_0.01,enc_avif,quality_auto/e1aa082f7c0747168d9cf43e77046142.png]
[static.wixstatic.com/media/aa0402eb9ba2430d9d0620b59556efca.png/v1/fill/w_26,h_26,al_c,q_85,usm_0.66_1.00_0.01,enc_avif,quality_auto/aa0402eb9ba2430d9d0620b59556efca.png]
[palcacer.wixsite.com/palcacer/en/discs.html]
[palcacer.wixsite.com/palcacer/en/biography.html]
[palcacer.wixsite.com/palcacer/en/instruments.html]
[palcacer.wixsite.com/palcacer/en/media.html]
[palcacer.wixsite.com/palcacer/en/programas.html]
[palcacer.wixsite.com/palcacer/en/solo.html]
[static.wixstatic.com/media/f7ad3b_4199c5d26bd542da843a15bfd2ee8ec3_mv2.jpg/v1/fill/w_982,h_656,al_c,q_85,usm_0.66_1.00_0.01,enc_avif,quality_auto/DSC_9468.jpg]
[palcacer.wixsite.com/palcacer/en/contact.html]
[browser.sentry-cdn.com/7.120.3/bundle.tracing.es5.min.js]
[browser.sentry-cdn.com/7.120.3/modulemetadata.es5.min.js]
[palcacer.wixsite.com/api/index.html]
[palcacer.wixsite.com/envelope/index.html]
[palcacer.wixsite.com/sitemap.24.delayed]
[palcacer.wixsite.com/feed.25.delayed]
[static.parastorage.com/services/wix-thunderbolt/dist/thunderbolt-commons.64373f6f.bundle.min.js]
[static.parastorage.com/services/wix-thunderbolt/dist/main.8c7c5892.bundle.min.js]
[static.parastorage.com/services/wix-thunderbolt/dist/main.renderer.f600e767.bundle.min.js]
[static.parastorage.com/unpkg/lodash@4.17.21/lodash.min.js]
[static.parastorage.com/unpkg/react@18.3.1/umd/react.production.min.js]
[static.parastorage.com/unpkg/react-dom@18.3.1/umd/react-dom.production.min.js]
[static.parastorage.com/services/wix-thunderbolt/dist/browser-deprecation.bundle.es5.js]
[palcacer.wixsite.com/decodeURIComponent(e.2d.delayed]
[palcacer.wixsite.com/palcacer.html]
[palcacer.wixsite.com/index.html]
[palcacer.wixsite.com/t.html]
[palcacer.wixsite.com/e.html]
[static.parastorage.com/services/tag-manager-client/1.1028.0/siteTags.bundle.min.js]
[palcacer.wixsite.com/palcacer/en/t.30.delayed]
[palcacer.wixsite.com/palcacer/en/e.32.delayed]
[palcacer.wixsite.com/palcacer/ca/discs.html]
[palcacer.wixsite.com/palcacer/ca/instruments.html]
[palcacer.wixsite.com/palcacer/ca/biography.html]
[palcacer.wixsite.com/palcacer/en/ensemble.html]
[palcacer.wixsite.com/palcacer/ca/media.html]
[palcacer.wixsite.com/palcacer/ca/programas.html]
[palcacer.wixsite.com/palcacer/ca/solo.html]
[palcacer.wixsite.com/palcacer/ca/contact.html]
[palcacer.wixsite.com/palcacer/ca/ensemble.html]
[palcacer.wixsite.com/palcacer/en/robots.3c.delayed]
[palcacer.wixsite.com/palcacer/en/sitemap.3e.delayed]
[palcacer.wixsite.com/palcacer/en/feed.40.delayed]
[palcacer.wixsite.com/palcacer/en/decodeURIComponent(e.42.delayed]
[palcacer.wixsite.com/palcacer/ca.html]
[palcacer.wixsite.com/palcacer/de/discs.html]
[palcacer.wixsite.com/palcacer/de/instruments.html]
[palcacer.wixsite.com/palcacer/de/biography.html]
[palcacer.wixsite.com/palcacer/de/programas.html]
[palcacer.wixsite.com/palcacer/de/solo.html]
[palcacer.wixsite.com/palcacer/de.html]
[palcacer.wixsite.com/palcacer/en.html]
[palcacer.wixsite.com/palcacer/de/contact.html]
[palcacer.wixsite.com/palcacer/de/ensemble.html]
[palcacer.wixsite.com/palcacer/fr/biography.html]
[palcacer.wixsite.com/palcacer/fr/discs.html]
[palcacer.wixsite.com/palcacer/de/media.html]
[palcacer.wixsite.com/palcacer/fr/instruments.html]
[palcacer.wixsite.com/palcacer/fr/programas.html]
[palcacer.wixsite.com/palcacer/fr/media.html]
[palcacer.wixsite.com/palcacer/fr/solo.html]
[palcacer.wixsite.com/palcacer/fr.html]
[palcacer.wixsite.com/palcacer/fr/ensemble.html]
[palcacer.wixsite.com/palcacer/it/discs.html]
[palcacer.wixsite.com/palcacer/fr/contact.html]
[palcacer.wixsite.com/palcacer/it/biography.html]
[palcacer.wixsite.com/palcacer/it/instruments.html]
[palcacer.wixsite.com/palcacer/it/programas.html]
[palcacer.wixsite.com/palcacer/it/media.html]
[palcacer.wixsite.com/palcacer/it/solo.html]
[palcacer.wixsite.com/palcacer/it.html]
[palcacer.wixsite.com/palcacer/it/ensemble.html]
[static.wixstatic.com/media/f7ad3b_3aeeff0d38444e208f0b93a107d9997e_mv2.jpg/v1/fill/w_32,h_21,al_c,q_80,usm_0.66_1.00_0.01,blur_2,e/f7ad3b_3aeeff0d38444e208f0b93a107d9997e_mv2.jpg]
[palcacer.wixsite.com/palcacer/it/contact.html]
[static.wixstatic.com/media/f7ad3b_f1b263ecd4f0448592acd2734b238215_mv2.png/v1/fill/w_392,h_388,al_c,q_85,usm_0.66_1.00_0.01,enc_av/Captura de pantalla 2024-11-30 a las 16_49_34.png]
[static.wixstatic.com/media/f7ad3b_4d617d929d1e47b6bf0d460d42f42d6f_mv2.png/v1/fill/w_425,h_430,al_c,q_85,usm_0.66_1.00_0.01,enc_avif,quality_auto/f7ad3b_4d617d929d1e47b6bf0d460d42f42d6f_mv2.png]
[static.wixstatic.com/media/f7ad3b_1d65fefd33554248b8b779b6e1cae43e_mv2.png/v1/fill/w_392,h_388,al_c,q_85,usm_0.66_1.00_0.01,enc_av/Captura de pantalla 2024-11-30 a las 17_32_27.png]
[static.wixstatic.com/media/f7ad3b_e15fdffaa3bd469ca1df168d86357658_mv2.png/v1/fill/w_392,h_388,al_c,q_85,usm_0.66_1.00_0.01,enc_av/Captura de pantalla 2024-11-30 a las 17_37_10.png]
[static.wixstatic.com/media/f7ad3b_e84197b0145f4e458c76730043c621b1_mv2.png/v1/fill/w_389,h_389,al_c,q_85,usm_0.66_1.00_0.01,enc_av/Captura de pantalla 2024-11-30 a las 17_28_33.png]
[static.wixstatic.com/media/f7ad3b_7e13d0b7c32d45d9a37658d264b6d196_mv2.png/v1/fill/w_389,h_389,al_c,q_85,usm_0.66_1.00_0.01,enc_av/Captura de pantalla 2024-11-30 a las 17_31_31.png]
[static.wixstatic.com/media/f7ad3b_0d5a00bda90049beb43551c9e37f75c0_mv2.png/v1/fill/w_392,h_388,al_c,q_85,enc_avif,quality_auto/f7ad3b_0d5a00bda90049beb43551c9e37f75c0_mv2.png]
[static.wixstatic.com/media/f7ad3b_d190081d47374f44b375ca09c4d428c2_mv2.png/v1/fill/w_389,h_389,al_c,q_85,usm_0.66_1.00_0.01,enc_av/Captura de pantalla 2024-11-30 a las 17_37_39.png]
[palcacer.wixsite.com/palcacer/en/decodeURIComponent(e.64.delayed]
[palcacer.wixsite.com/palcacer/en/discs.html]
[static.wixstatic.com/media/f7ad3b_4c2097cff3554fe3a06234b39fb72ff0_mv2.jpg/v1/crop/x_290,y_0,w_1213,h_997/fill/w_806,h_662,al_c,q_85,usm_0.66_1.00_0.01,enc_avif,quality_auto/DSC_9447.jpg]
[static.wixstatic.com/media/f7ad3b_853fd6fe74294492b61bd762d70b9400_mv2.jpg/v1/fill/w_494,h_739,al_c,q_85,usm_0.66_1.00_0.01,enc_avif,quality_auto/DSC_9478.jpg]
[static.wixstatic.com/media/f7ad3b_8a2bc05528094db0b923b0e763e200bf_mv2.jpg/v1/fill/w_600,h_401,al_c,q_80,usm_0.66_1.00_0.01,enc_avif,quality_auto/DSC_9566.jpg]
[palcacer.wixsite.com/palcacer/en/biography.html]
[static.wixstatic.com/media/f7ad3b_df3a2cd21c3f4a848152dc52f8b08425_mv2.jpeg/v1/fill/w_71,h_103,al_c,q_80,usm_0.66_1.00_0.01,blur_2,enc_avif,quality_auto/DSC_2459.jpg]
[palcacer.wixsite.com/palcacer/en/instrumentos/guitarra-renacentista.html]
[static.wixstatic.com/media/f7ad3b_c958674dceb14a3582aa9bf75130d73b_mv2.jpeg/v1/fill/w_71,h_104,al_c,q_80,usm_0.66_1.00_0.01,blur_2,enc_avif,quality_auto/DSC_2459.jpg]
[palcacer.wixsite.com/palcacer/en/instrumentos/guitarra-barroca.html]
[static.wixstatic.com/media/f7ad3b_22e48df821aa4885b66d0af01ec7efb0_mv2.jpeg/v1/fill/w_71,h_104,al_c,q_80,usm_0.66_1.00_0.01,blur_2,enc_avif,quality_auto/DSC_2459.jpg]
[palcacer.wixsite.com/palcacer/en/instrumentos/tiorba.html]
[static.wixstatic.com/media/f7ad3b_7554bb28684747e7a21f724fcbfc8fb3_mv2.jpeg/v1/fill/w_71,h_101,al_c,q_80,usm_0.66_1.00_0.01,blur_2,enc_avif,quality_auto/DSC_2459.jpg]
[palcacer.wixsite.com/palcacer/en/instrumentos/arciliuto.html]
[static.wixstatic.com/media/f7ad3b_8c693c15f5e24b1b98d35274146ab8dc_mv2.png/v1/fill/w_71,h_94,al_c,q_85,usm_0.66_1.00_0.01,blur_2,enc_avif,quality_auto/DSC_2459.png]
[palcacer.wixsite.com/palcacer/en/instrumentos/liuto-rinascimentale.html]
[static.wixstatic.com/media/f7ad3b_f2bdb34ff17e4878ac71fa7d8b1e3fd3_mv2.jpeg/v1/fill/w_70,h_104,al_c,q_80,usm_0.66_1.00_0.01,blur_2,enc_avif,quality_auto/DSC_2459.jpg]
[palcacer.wixsite.com/palcacer/en/instrumentos/vihuela.html]
[palcacer.wixsite.com/palcacer/en/instruments.html]
[static.wixstatic.com/media/f7ad3b_3fdb0025ad7b4463a824aeb8023a5dd8_mv2.jpeg/v1/fill/w_982,h_775,al_c,q_85,usm_0.66_1.00_0.01,enc_avif,quality_auto/DSC_2439.jpg]
[palcacer.wixsite.com/palcacer/en/media.html]
[static.wixstatic.com/media/f7ad3b_67fa3e2318ce4ceba61564fdef965eb5_mv2.jpg/v1/fill/w_978,h_653,al_c,q_85,usm_0.66_1.00_0.01,enc_avif,quality_auto/DSC_9492.jpg]
[palcacer.wixsite.com/palcacer/en/programas.html]
[static.wixstatic.com/media/f7ad3b_7f00d97b2b1b4656b4fe2dbfc63932a1_mv2.jpg/v1/fill/w_359,h_538,al_c,q_80,usm_0.66_1.00_0.01,enc_avif,quality_auto/DSC_9429.jpg]
[palcacer.wixsite.com/palcacer/en/projects-1/bologna-liutistica.html]
[static.wixstatic.com/media/f7ad3b_6a822db738af4950bb193fee6464edab_mv2.jpg/v1/fill/w_383,h_216,al_c,q_80,usm_0.66_1.00_0.01,enc_avif,quality_auto/esperienze_culturali_e_segrete_1.jpg]
[palcacer.wixsite.com/palcacer/en/projects-1/tres-territorios.html]
[palcacer.wixsite.com/palcacer/en/projects-1/dos-peninsulas.html]
[static.wixstatic.com/media/f7ad3b_c173856e95ac446ab7a002e44070453d_mv2.jpg/v1/fill/w_383,h_216,al_c,q_80,usm_0.66_1.00_0.01,enc_avif,quality_auto/1544_Battista_Agnese_Worldmap-2.jpg]
[static.wixstatic.com/media/f7ad3b_a52a9d0e062641eda85491adf9934eb6_mv2.jpg/v1/fill/w_383,h_216,al_c,q_80,usm_0.66_1.00_0.01,enc_avif,quality_auto/1594_Orbis_Plancius_2,12_MB.jpg]
[palcacer.wixsite.com/palcacer/en/projects-1/una-storia-fra-le-corde...html]
[static.wixstatic.com/media/f7ad3b_66f6a3e7fa2144bda44149bb33583e0b_mv2.jpg/v1/fill/w_383,h_216,al_c,q_80,usm_0.66_1.00_0.01,enc_avif,quality_auto/Orpheus_in_El_Maestro_by_Luys_Milan.jpg]
[palcacer.wixsite.com/palcacer/en/solo.html]
[palcacer.wixsite.com/palcacer/en/projects-1/tanyer-de-gala.html]
[static.wixstatic.com/media/f7ad3b_12dbbff7b2ed41eb822b143542aaa891_mv2.jpg/v1/fill/w_35,h_53,al_c,q_80,usm_0.66_1.00_0.01,blur_2,e/11062b_fd5c21cdc57f4b19b00f8ec0988396fe_.jpg]
[palcacer.wixsite.com/palcacer/en/projects/anima-shirvani.html]
[static.wixstatic.com/media/f7ad3b_bea74108c79d46d98f7ad45132a1cb6a_mv2.jpe/v1/fill/w_80,h_53,al_c,q_80,usm_0.66_1.00_0.01,blur_2,e/11062b_fd5c21cdc57f4b19b00f8ec0988396fe_.jpg]
[palcacer.wixsite.com/palcacer/en/projects/caravelle-della-musica.html]
[palcacer.wixsite.com/palcacer/en/projects/viaggio-musicale-nell'emilia-del-'600.86.delayed]
[static.wixstatic.com/media/f7ad3b_b749165288bc4f9bb1a0390b403d4804_mv2.jpg/v1/fill/w_53,h_53,al_c,q_80,usm_0.66_1.00_0.01,blur_2,e/11062b_fd5c21cdc57f4b19b00f8ec0988396fe_.jpg]
[palcacer.wixsite.com/palcacer/en/projects/viaggio-musicale-nell'emilia-del-600'.html]
[static.wixstatic.com/media/f7ad3b_4af4c84bdcce4bd7836111278ae0d18b_mv2.png/v1/fill/w_79,h_53,al_c,q_85,usm_0.66_1.00_0.01,blur_2,e/11062b_fd5c21cdc57f4b19b00f8ec0988396fe_.png]
[palcacer.wixsite.com/palcacer/en/projects/volcania-.html]
[palcacer.wixsite.com/palcacer/en/projects/arlecchino-innamorato.8b.delayed]
[static.wixstatic.com/media/f7ad3b_4dd0c3b975a2444e8fac98c5e83503ae_mv2.jpe/v1/fill/w_90,h_50,al_c,q_80,usm_0.66_1.00_0.01,blur_2,e/11062b_fd5c21cdc57f4b19b00f8ec0988396fe_.jpg]
[palcacer.wixsite.com/palcacer/en/projects/les-musiques-du-roi-soleil.html]
[palcacer.wixsite.com/palcacer/en/projects/arlecchino-innamorato-.html]
[static.wixstatic.com/media/f7ad3b_6527c7d3eb544bcea32f4b9662a9e3fa_mv2.jpe/v1/fill/w_71,h_53,al_c,q_80,usm_0.66_1.00_0.01,blur_2,e/11062b_fd5c21cdc57f4b19b00f8ec0988396fe_.jpg]
[palcacer.wixsite.com/palcacer/en/ensemble.html]
[palcacer.wixsite.com/palcacer/en/contact.html]
[palcacer.wixsite.com/api/index.html]
[palcacer.wixsite.com/envelope/index.html]
[palcacer.wixsite.com/decodeURIComponent(e.html]
[palcacer.wixsite.com/palcacer/en/t.html]
[palcacer.wixsite.com/palcacer/en/e.html]
[static.wixstatic.com/media/f7ad3b_1479ce2c085d4660871ef4337adeafeb_mv2.jpg/v1/fill/w_443,h_322,al_c,q_80,usm_0.66_1.00_0.01,enc_avif,quality_auto/DSC_9448.jpg]
[palcacer.wixsite.com/palcacer/ca/t.91.delayed]
[palcacer.wixsite.com/palcacer/ca/e.92.delayed]
[palcacer.wixsite.com/palcacer/ca/robots.93.delayed]
[palcacer.wixsite.com/palcacer/ca/sitemap.94.delayed]
[palcacer.wixsite.com/palcacer/ca/feed.95.delayed]
[palcacer.wixsite.com/palcacer/ca/decodeURIComponent(e.96.delayed]
[palcacer.wixsite.com/palcacer/ca/discs.html]
[palcacer.wixsite.com/palcacer/ca/biography.html]
[palcacer.wixsite.com/palcacer/ca/instrumentos/guitarra-renacentista.html]
[palcacer.wixsite.com/palcacer/ca/instrumentos/tiorba.html]
[palcacer.wixsite.com/palcacer/ca/instrumentos/arciliuto.html]
[palcacer.wixsite.com/palcacer/ca/instruments.html]
[palcacer.wixsite.com/palcacer/ca/media.html]
[palcacer.wixsite.com/palcacer/ca/programas.html]
[palcacer.wixsite.com/palcacer/ca/instrumentos/liuto-rinascimentale.html]
[palcacer.wixsite.com/palcacer/ca/instrumentos/vihuela.html]
[palcacer.wixsite.com/palcacer/ca/projects-1/bologna-liutistica.html]
[palcacer.wixsite.com/palcacer/ca/projects-1/tres-territorios.html]
[palcacer.wixsite.com/palcacer/ca/instrumentos/guitarra-barroca.html]
[palcacer.wixsite.com/palcacer/ca/projects-1/dos-peninsulas.html]
[palcacer.wixsite.com/palcacer/ca/solo.html]
[palcacer.wixsite.com/palcacer/ca/projects-1/una-storia-fra-le-corde...html]
[palcacer.wixsite.com/palcacer/ca/projects-1/tanyer-de-gala.html]
[palcacer.wixsite.com/palcacer/ca/projects/anima-shirvani.html]
[palcacer.wixsite.com/palcacer/ca/projects/caravelle-della-musica.html]
[palcacer.wixsite.com/palcacer/ca/projects/viaggio-musicale-nell'emilia-del-'600.a4.delayed]
[palcacer.wixsite.com/palcacer/ca/projects/viaggio-musicale-nell'emilia-del-600'.html]
[palcacer.wixsite.com/palcacer/ca/projects/volcania-.html]
[palcacer.wixsite.com/palcacer/ca/projects/arlecchino-innamorato.a7.delayed]
[palcacer.wixsite.com/palcacer/ca/ensemble.html]
[palcacer.wixsite.com/palcacer/ca/contact.html]
[palcacer.wixsite.com/palcacer/en/decodeURIComponent(e.html]
[palcacer.wixsite.com/palcacer/ca/projects/arlecchino-innamorato-.html]
[palcacer.wixsite.com/palcacer/de/t.aa.delayed]
[palcacer.wixsite.com/palcacer/ca/projects/les-musiques-du-roi-soleil.html]
[palcacer.wixsite.com/palcacer/de/e.ab.delayed]
[palcacer.wixsite.com/palcacer/de/robots.ac.delayed]
[palcacer.wixsite.com/palcacer/de/sitemap.ad.delayed]
[palcacer.wixsite.com/palcacer/de/feed.ae.delayed]
[palcacer.wixsite.com/palcacer/de/decodeURIComponent(e.af.delayed]
[palcacer.wixsite.com/palcacer/de/discs.html]
[palcacer.wixsite.com/palcacer/de/biography.html]
[palcacer.wixsite.com/palcacer/de/instrumentos/guitarra-renacentista.html]
[palcacer.wixsite.com/palcacer/de/instrumentos/tiorba.html]
[palcacer.wixsite.com/palcacer/de/instrumentos/guitarra-barroca.html]
[palcacer.wixsite.com/palcacer/de/instrumentos/arciliuto.html]
[palcacer.wixsite.com/palcacer/de/instruments.html]
[palcacer.wixsite.com/palcacer/de/media.html]
[palcacer.wixsite.com/palcacer/de/programas.html]
[palcacer.wixsite.com/palcacer/de/instrumentos/liuto-rinascimentale.html]
[palcacer.wixsite.com/palcacer/de/instrumentos/vihuela.html]
[palcacer.wixsite.com/palcacer/de/projects-1/bologna-liutistica.html]
[palcacer.wixsite.com/palcacer/de/projects-1/dos-peninsulas.html]
[palcacer.wixsite.com/palcacer/de/solo.html]
[palcacer.wixsite.com/palcacer/de/projects-1/una-storia-fra-le-corde...html]
[palcacer.wixsite.com/palcacer/de/projects-1/tanyer-de-gala.html]
[palcacer.wixsite.com/palcacer/de/projects/anima-shirvani.html]
[palcacer.wixsite.com/palcacer/de/projects/caravelle-della-musica.html]
[palcacer.wixsite.com/palcacer/de/projects/viaggio-musicale-nell'emilia-del-'600.bc.delayed]
[palcacer.wixsite.com/palcacer/de/projects/arlecchino-innamorato.bf.delayed]
[palcacer.wixsite.com/palcacer/de/projects/volcania-.html]
[palcacer.wixsite.com/palcacer/de/projects/viaggio-musicale-nell'emilia-del-600'.html]
[palcacer.wixsite.com/palcacer/de/ensemble.html]
[palcacer.wixsite.com/palcacer/de/contact.html]
[palcacer.wixsite.com/palcacer/de/projects/arlecchino-innamorato-.html]
[palcacer.wixsite.com/palcacer/fr/t.c2.delayed]
[palcacer.wixsite.com/palcacer/de/projects/les-musiques-du-roi-soleil.html]
[palcacer.wixsite.com/palcacer/fr/e.c3.delayed]
[palcacer.wixsite.com/palcacer/fr/robots.c4.delayed]
[palcacer.wixsite.com/palcacer/fr/sitemap.c5.delayed]
[palcacer.wixsite.com/palcacer/fr/feed.c6.delayed]
[palcacer.wixsite.com/palcacer/fr/decodeURIComponent(e.c7.delayed]
[palcacer.wixsite.com/palcacer/fr/discs.html]
[palcacer.wixsite.com/palcacer/fr/biography.html]
[palcacer.wixsite.com/palcacer/fr/instrumentos/guitarra-renacentista.html]
[palcacer.wixsite.com/palcacer/fr/instrumentos/guitarra-barroca.html]
[palcacer.wixsite.com/palcacer/fr/instrumentos/tiorba.html]
[palcacer.wixsite.com/palcacer/fr/instrumentos/liuto-rinascimentale.html]
[palcacer.wixsite.com/palcacer/fr/instrumentos/arciliuto.html]
[palcacer.wixsite.com/palcacer/fr/instruments.html]
[palcacer.wixsite.com/palcacer/fr/media.html]
[palcacer.wixsite.com/palcacer/fr/programas.html]
[palcacer.wixsite.com/palcacer/fr/projects-1/dos-peninsulas.html]
[palcacer.wixsite.com/palcacer/fr/instrumentos/vihuela.html]
[palcacer.wixsite.com/palcacer/fr/projects-1/tres-territorios.html]
[palcacer.wixsite.com/palcacer/fr/projects-1/bologna-liutistica.html]
[palcacer.wixsite.com/palcacer/fr/projects-1/una-storia-fra-le-corde...html]
[palcacer.wixsite.com/palcacer/fr/solo.html]
[palcacer.wixsite.com/palcacer/fr/projects/anima-shirvani.html]
[palcacer.wixsite.com/palcacer/fr/projects-1/tanyer-de-gala.html]
[palcacer.wixsite.com/palcacer/fr/projects/caravelle-della-musica.html]
[palcacer.wixsite.com/palcacer/fr/projects/viaggio-musicale-nell'emilia-del-'600.d5.delayed]
[palcacer.wixsite.com/palcacer/fr/projects/viaggio-musicale-nell'emilia-del-600'.html]
[palcacer.wixsite.com/palcacer/fr/projects/volcania-.html]
[palcacer.wixsite.com/palcacer/fr/projects/arlecchino-innamorato.d8.delayed]
[palcacer.wixsite.com/palcacer/fr/ensemble.html]
[palcacer.wixsite.com/palcacer/fr/contact.html]
[palcacer.wixsite.com/palcacer/fr/projects/arlecchino-innamorato-.html]
[palcacer.wixsite.com/palcacer/it/t.db.delayed]
[palcacer.wixsite.com/palcacer/fr/projects/les-musiques-du-roi-soleil.html]
[palcacer.wixsite.com/palcacer/it/e.dc.delayed]
[palcacer.wixsite.com/palcacer/it/robots.dd.delayed]
[palcacer.wixsite.com/palcacer/it/sitemap.de.delayed]
[palcacer.wixsite.com/palcacer/it/feed.df.delayed]
[palcacer.wixsite.com/palcacer/it/decodeURIComponent(e.e0.delayed]
[palcacer.wixsite.com/palcacer/it/discs.html]
[palcacer.wixsite.com/palcacer/it/biography.html]
[palcacer.wixsite.com/palcacer/it/instrumentos/guitarra-renacentista.html]
[palcacer.wixsite.com/palcacer/it/instrumentos/guitarra-barroca.html]
[palcacer.wixsite.com/palcacer/it/instrumentos/tiorba.html]
[palcacer.wixsite.com/palcacer/it/instrumentos/arciliuto.html]
[palcacer.wixsite.com/palcacer/it/instrumentos/liuto-rinascimentale.html]
[palcacer.wixsite.com/palcacer/it/instruments.html]
[palcacer.wixsite.com/palcacer/it/media.html]
[palcacer.wixsite.com/palcacer/it/programas.html]
[palcacer.wixsite.com/palcacer/it/instrumentos/vihuela.html]
[palcacer.wixsite.com/palcacer/it/projects-1/tres-territorios.html]
[palcacer.wixsite.com/palcacer/it/projects-1/bologna-liutistica.html]
[palcacer.wixsite.com/palcacer/it/projects-1/una-storia-fra-le-corde...html]
[palcacer.wixsite.com/palcacer/it/solo.html]
[palcacer.wixsite.com/palcacer/it/projects-1/dos-peninsulas.html]
[palcacer.wixsite.com/palcacer/it/projects-1/tanyer-de-gala.html]
[palcacer.wixsite.com/palcacer/it/projects/anima-shirvani.html]
[palcacer.wixsite.com/palcacer/it/projects/caravelle-della-musica.html]
[palcacer.wixsite.com/palcacer/it/projects/viaggio-musicale-nell'emilia-del-'600.ee.delayed]
[palcacer.wixsite.com/palcacer/it/projects/viaggio-musicale-nell'emilia-del-600'.html]
[palcacer.wixsite.com/palcacer/it/projects/arlecchino-innamorato.f1.delayed]
[palcacer.wixsite.com/palcacer/it/projects/volcania-.html]
[palcacer.wixsite.com/palcacer/it/ensemble.html]
[palcacer.wixsite.com/palcacer/it/contact.html]
[palcacer.wixsite.com/palcacer/en/decodeURIComponent(e-2.html]
[palcacer.wixsite.com/palcacer/it/projects/arlecchino-innamorato-.html]
[palcacer.wixsite.com/palcacer/it/projects/les-musiques-du-roi-soleil.html]
[palcacer.wixsite.com/palcacer/en/instrumentos/t.f4.delayed]
[palcacer.wixsite.com/palcacer/en/instrumentos/e.f5.delayed]
[static.wixstatic.com/media/f7ad3b_df3a2cd21c3f4a848152dc52f8b08425_mv2.jpeg/v1/fill/w_600,h_856,al_c,q_85,usm_0.66_1.00_0.01,enc_avif,quality_auto/DSC_2455.jpg]
[palcacer.wixsite.com/palcacer/en/instrumentos/robots.f9.delayed]
[palcacer.wixsite.com/palcacer/en/instrumentos/sitemap.fa.delayed]
[palcacer.wixsite.com/palcacer/en/instrumentos/feed.fb.delayed]
[palcacer.wixsite.com/palcacer/en/instrumentos/guitarra-renacentista.html]
[palcacer.wixsite.com/palcacer/en/instrumentos/decodeURIComponent(e.html]
[palcacer.wixsite.com/palcacer/en/instrumentos/guitarra-barroca.html]
[static.wixstatic.com/media/f7ad3b_c958674dceb14a3582aa9bf75130d73b_mv2.jpeg/v1/fill/w_600,h_856,al_c,q_85,usm_0.66_1.00_0.01,enc_avif,quality_auto/DSC_2455.jpg]
[palcacer.wixsite.com/palcacer/en/instrumentos/tiorba.html]
[static.wixstatic.com/media/f7ad3b_22e48df821aa4885b66d0af01ec7efb0_mv2.jpeg/v1/fill/w_600,h_856,al_c,q_85,usm_0.66_1.00_0.01,enc_avif,quality_auto/DSC_2455.jpg]
[palcacer.wixsite.com/palcacer/en/instrumentos/arciliuto.html]
[static.wixstatic.com/media/f7ad3b_7554bb28684747e7a21f724fcbfc8fb3_mv2.jpeg/v1/fill/w_600,h_856,al_c,q_85,usm_0.66_1.00_0.01,enc_avif,quality_auto/DSC_2455.jpg]
[palcacer.wixsite.com/palcacer/en/instrumentos/liuto-rinascimentale.html]
[static.wixstatic.com/media/f7ad3b_8c693c15f5e24b1b98d35274146ab8dc_mv2.png/v1/fill/w_600,h_856,al_c,q_90,usm_0.66_1.00_0.01,enc_avif,quality_auto/DSC_2455.png]
[palcacer.wixsite.com/palcacer/en/instrumentos/vihuela.html]
[static.wixstatic.com/media/f7ad3b_f2bdb34ff17e4878ac71fa7d8b1e3fd3_mv2.jpeg/v1/fill/w_600,h_856,al_c,q_85,usm_0.66_1.00_0.01,enc_avif,quality_auto/DSC_2455.jpg]
[palcacer.wixsite.com/palcacer/en/projects-1/t.10c.delayed]
[palcacer.wixsite.com/palcacer/en/projects-1/e.10d.delayed]
[static.wixstatic.com/media/f7ad3b_6a822db738af4950bb193fee6464edab_mv2.jpg/v1/fill/w_147,h_83,al_c,q_80,usm_0.66_1.00_0.01,blur_2,enc_auto/f7ad3b_6a822db738af4950bb193fee6464edab_mv2.jpg]
[palcacer.wixsite.com/palcacer/en/projects-1/robots.111.delayed]
[palcacer.wixsite.com/palcacer/en/projects-1/sitemap.112.delayed]
[palcacer.wixsite.com/palcacer/en/projects-1/feed.113.delayed]
[palcacer.wixsite.com/palcacer/en/projects-1/bologna-liutistica.html]
[static.parastorage.com/services/ricos-viewer-ooi/10.150.8/ricosviewerViewerWidget.bundle.min.js]
[palcacer.wixsite.com/palcacer/en/projects-1/decodeURIComponent(e.html]
[palcacer.wixsite.com/palcacer/en/projects-1/tres-territorios.html]
[static.wixstatic.com/media/f7ad3b_c173856e95ac446ab7a002e44070453d_mv2.jpg/v1/fill/w_147,h_100,al_c,q_80,usm_0.66_1.00_0.01,blur_2,enc_auto/f7ad3b_c173856e95ac446ab7a002e44070453d_mv2.jpg]
[palcacer.wixsite.com/palcacer/de/projects-1/tres-territorios.html]
[palcacer.wixsite.com/palcacer/en/projects-1/dos-peninsulas.html]
[static.wixstatic.com/media/f7ad3b_a52a9d0e062641eda85491adf9934eb6_mv2.jpg/v1/fill/w_147,h_104,al_c,q_80,usm_0.66_1.00_0.01,blur_2,enc_auto/f7ad3b_a52a9d0e062641eda85491adf9934eb6_mv2.jpg]
[palcacer.wixsite.com/palcacer/en/projects-1/una-storia-fra-le-corde...html]
[static.wixstatic.com/media/f7ad3b_d868d15d24a14dd5bddc158d69fdb161_mv2.jpg/v1/fill/w_147,h_91,al_c,q_80,usm_0.66_1.00_0.01,blur_2,enc_auto/f7ad3b_d868d15d24a14dd5bddc158d69fdb161_mv2.jpg]
[palcacer.wixsite.com/palcacer/en/projects-1/tanyer-de-gala.html]
[static.wixstatic.com/media/f7ad3b_66f6a3e7fa2144bda44149bb33583e0b_mv2.jpg/v1/fill/w_144,h_207,al_c,q_80,usm_0.66_1.00_0.01,blur_2,enc_auto/f7ad3b_66f6a3e7fa2144bda44149bb33583e0b_mv2.jpg]
[palcacer.wixsite.com/palcacer/en/projects/t.123.delayed]
[palcacer.wixsite.com/palcacer/en/projects/e.124.delayed]
[static.wixstatic.com/media/f7ad3b_12dbbff7b2ed41eb822b143542aaa891_mv2.jpg/v1/fill/w_147,h_221,al_c,q_80,usm_0.66_1.00_0.01,blur_2,enc_auto/f7ad3b_12dbbff7b2ed41eb822b143542aaa891_mv2.jpg]
[palcacer.wixsite.com/palcacer/en/projects/robots.128.delayed]
[palcacer.wixsite.com/palcacer/en/projects/sitemap.129.delayed]
[palcacer.wixsite.com/palcacer/en/projects/feed.12a.delayed]
[palcacer.wixsite.com/palcacer/en/projects/anima-shirvani.html]
[palcacer.wixsite.com/palcacer/en/projects/decodeURIComponent(e.html]
[palcacer.wixsite.com/palcacer/en/projects/caravelle-della-musica.html]
[static.wixstatic.com/media/f7ad3b_bea74108c79d46d98f7ad45132a1cb6a_mv2.jpeg/v1/fill/w_147,h_98,al_c,q_80,usm_0.66_1.00_0.01,blur_2,enc_auto/f7ad3b_bea74108c79d46d98f7ad45132a1cb6a_mv2.jpg]
[palcacer.wixsite.com/palcacer/en/projects/viaggio-musicale-nell'emilia-del-'600.html]
[palcacer.wixsite.com/palcacer/en/projects/viaggio-musicale-nell'emilia-del-600'-2.html]
[palcacer.wixsite.com/palcacer/de/projects/viaggio-musicale-nell'emilia-del-600'-2.html]
[palcacer.wixsite.com/palcacer/ca/projects/viaggio-musicale-nell'emilia-del-600'-2.html]
[static.wixstatic.com/media/f7ad3b_b749165288bc4f9bb1a0390b403d4804_mv2.jpg/v1/fill/w_115,h_115,al_c,q_80,usm_0.66_1.00_0.01,blur_2,enc_auto/f7ad3b_b749165288bc4f9bb1a0390b403d4804_mv2.jpg]
[palcacer.wixsite.com/palcacer/en/projects/viaggio-musicale-nell'emilia-del-600'.html]
[palcacer.wixsite.com/palcacer/fr/projects/viaggio-musicale-nell'emilia-del-600'-2.html]
[palcacer.wixsite.com/palcacer/it/projects/viaggio-musicale-nell'emilia-del-600'-2.html]
[palcacer.wixsite.com/palcacer/en/projects/volcania-.html]
[static.wixstatic.com/media/f7ad3b_4af4c84bdcce4bd7836111278ae0d18b_mv2.png/v1/fill/w_49,h_33,al_c,q_85,usm_0.66_1.00_0.01,blur_2,enc_auto/f7ad3b_4af4c84bdcce4bd7836111278ae0d18b_mv2.png]
[palcacer.wixsite.com/palcacer/en/projects/arlecchino-innamorato.html]
[palcacer.wixsite.com/palcacer/en/projects/arlecchino-innamorato-.html]
[static.wixstatic.com/media/f7ad3b_4dd0c3b975a2444e8fac98c5e83503ae_mv2.jpeg/v1/fill/w_147,h_83,al_c,q_80,usm_0.66_1.00_0.01,blur_2,enc_auto/f7ad3b_4dd0c3b975a2444e8fac98c5e83503ae_mv2.jpg]
[palcacer.wixsite.com/palcacer/en/projects/les-musiques-du-roi-soleil.html]
[palcacer.wixsite.com/palcacer/ca/t.html]
[palcacer.wixsite.com/palcacer/ca/e.html]
[palcacer.wixsite.com/palcacer/ca/decodeURIComponent(e.html]
[static.wixstatic.com/media/f7ad3b_6527c7d3eb544bcea32f4b9662a9e3fa_mv2.jpeg/v1/fill/w_144,h_108,al_c,q_80,usm_0.66_1.00_0.01,blur_2,enc_auto/f7ad3b_6527c7d3eb544bcea32f4b9662a9e3fa_mv2.jpg]
[palcacer.wixsite.com/palcacer/ca/instrumentos/t.13f.delayed]
[palcacer.wixsite.com/palcacer/ca/instrumentos/e.140.delayed]
[palcacer.wixsite.com/palcacer/ca/instrumentos/robots.143.delayed]
[palcacer.wixsite.com/palcacer/ca/instrumentos/sitemap.144.delayed]
[palcacer.wixsite.com/palcacer/ca/instrumentos/feed.145.delayed]
[palcacer.wixsite.com/palcacer/ca/instrumentos/guitarra-renacentista.html]
[palcacer.wixsite.com/palcacer/ca/instrumentos/guitarra-barroca.html]
[palcacer.wixsite.com/palcacer/ca/instrumentos/tiorba.html]
[palcacer.wixsite.com/palcacer/ca/instrumentos/arciliuto.html]
[palcacer.wixsite.com/palcacer/ca/instrumentos/liuto-rinascimentale.html]
[palcacer.wixsite.com/palcacer/ca/instrumentos/vihuela.html]
[palcacer.wixsite.com/palcacer/ca/projects-1/t.151.delayed]
[palcacer.wixsite.com/palcacer/ca/instrumentos/decodeURIComponent(e.html]
[palcacer.wixsite.com/palcacer/ca/projects-1/e.152.delayed]
[palcacer.wixsite.com/palcacer/ca/projects-1/robots.155.delayed]
[palcacer.wixsite.com/palcacer/ca/projects-1/sitemap.156.delayed]
[palcacer.wixsite.com/palcacer/ca/projects-1/feed.157.delayed]
[palcacer.wixsite.com/palcacer/ca/projects-1/bologna-liutistica.html]
[palcacer.wixsite.com/palcacer/ca/projects-1/tres-territorios.html]
[palcacer.wixsite.com/palcacer/ca/projects-1/dos-peninsulas.html]
[palcacer.wixsite.com/palcacer/ca/projects-1/una-storia-fra-le-corde...html]
[palcacer.wixsite.com/palcacer/ca/projects-1/tanyer-de-gala.html]
[palcacer.wixsite.com/palcacer/ca/projects-1/decodeURIComponent(e.html]
[palcacer.wixsite.com/palcacer/ca/projects/t.161.delayed]
[palcacer.wixsite.com/palcacer/ca/projects/e.162.delayed]
[palcacer.wixsite.com/palcacer/ca/projects/robots.165.delayed]
[palcacer.wixsite.com/palcacer/ca/projects/sitemap.166.delayed]
[palcacer.wixsite.com/palcacer/ca/projects/feed.167.delayed]
[palcacer.wixsite.com/palcacer/ca/projects/anima-shirvani.html]
[palcacer.wixsite.com/palcacer/ca/projects/caravelle-della-musica.html]
[palcacer.wixsite.com/palcacer/ca/projects/viaggio-musicale-nell'emilia-del-'600.html]
[palcacer.wixsite.com/palcacer/ca/projects/viaggio-musicale-nell'emilia-del-600'.html]
[palcacer.wixsite.com/palcacer/ca/projects/volcania-.html]
[palcacer.wixsite.com/palcacer/ca/projects/arlecchino-innamorato.html]
[palcacer.wixsite.com/palcacer/ca/projects/arlecchino-innamorato-.html]
[palcacer.wixsite.com/palcacer/ca/projects/les-musiques-du-roi-soleil.html]
[palcacer.wixsite.com/palcacer/de/t.html]
[palcacer.wixsite.com/palcacer/de/e.html]
[palcacer.wixsite.com/palcacer/de/decodeURIComponent(e.html]
[palcacer.wixsite.com/palcacer/ca/projects/decodeURIComponent(e.html]
[palcacer.wixsite.com/palcacer/de/instrumentos/t.171.delayed]
[palcacer.wixsite.com/palcacer/de/instrumentos/e.172.delayed]
[palcacer.wixsite.com/palcacer/de/instrumentos/robots.175.delayed]
[palcacer.wixsite.com/palcacer/de/instrumentos/sitemap.176.delayed]
[palcacer.wixsite.com/palcacer/de/instrumentos/feed.177.delayed]
[palcacer.wixsite.com/palcacer/de/instrumentos/guitarra-renacentista.html]
[palcacer.wixsite.com/palcacer/de/instrumentos/guitarra-barroca.html]
[palcacer.wixsite.com/palcacer/de/instrumentos/tiorba.html]
[palcacer.wixsite.com/palcacer/de/instrumentos/arciliuto.html]
[palcacer.wixsite.com/palcacer/de/instrumentos/liuto-rinascimentale.html]
[palcacer.wixsite.com/palcacer/de/instrumentos/vihuela.html]
[palcacer.wixsite.com/palcacer/de/instrumentos/decodeURIComponent(e.html]
[palcacer.wixsite.com/palcacer/de/projects-1/t.183.delayed]
[palcacer.wixsite.com/palcacer/de/projects-1/e.184.delayed]
[palcacer.wixsite.com/palcacer/de/projects-1/robots.187.delayed]
[palcacer.wixsite.com/palcacer/de/projects-1/sitemap.188.delayed]
[palcacer.wixsite.com/palcacer/de/projects-1/feed.189.delayed]
[palcacer.wixsite.com/palcacer/de/projects-1/bologna-liutistica.html]
[palcacer.wixsite.com/palcacer/de/projects-1/dos-peninsulas.html]
[palcacer.wixsite.com/palcacer/de/projects-1/una-storia-fra-le-corde...html]
[palcacer.wixsite.com/palcacer/de/projects-1/tanyer-de-gala.html]
[palcacer.wixsite.com/palcacer/de/projects-1/decodeURIComponent(e.html]
[palcacer.wixsite.com/palcacer/de/projects/t.191.delayed]
[palcacer.wixsite.com/palcacer/de/projects/e.192.delayed]
[palcacer.wixsite.com/palcacer/de/projects/robots.195.delayed]
[palcacer.wixsite.com/palcacer/de/projects/sitemap.196.delayed]
[palcacer.wixsite.com/palcacer/de/projects/feed.197.delayed]
[palcacer.wixsite.com/palcacer/de/projects/anima-shirvani.html]
[palcacer.wixsite.com/palcacer/de/projects/caravelle-della-musica.html]
[palcacer.wixsite.com/palcacer/de/projects/viaggio-musicale-nell'emilia-del-'600.html]
[palcacer.wixsite.com/palcacer/de/projects/viaggio-musicale-nell'emilia-del-600'.html]
[palcacer.wixsite.com/palcacer/de/projects/volcania-.html]
[palcacer.wixsite.com/palcacer/de/projects/arlecchino-innamorato.html]
[palcacer.wixsite.com/palcacer/de/projects/arlecchino-innamorato-.html]
[palcacer.wixsite.com/palcacer/de/projects/les-musiques-du-roi-soleil.html]
[palcacer.wixsite.com/palcacer/fr/t.html]
[palcacer.wixsite.com/palcacer/fr/e.html]
[palcacer.wixsite.com/palcacer/fr/decodeURIComponent(e.html]
[palcacer.wixsite.com/palcacer/de/projects/decodeURIComponent(e.html]
[palcacer.wixsite.com/palcacer/fr/instrumentos/t.1a1.delayed]
[palcacer.wixsite.com/palcacer/fr/instrumentos/e.1a2.delayed]
[palcacer.wixsite.com/palcacer/fr/instrumentos/robots.1a5.delayed]
[palcacer.wixsite.com/palcacer/fr/instrumentos/sitemap.1a6.delayed]
[palcacer.wixsite.com/palcacer/fr/instrumentos/feed.1a7.delayed]
[palcacer.wixsite.com/palcacer/fr/instrumentos/guitarra-renacentista.html]
[palcacer.wixsite.com/palcacer/fr/instrumentos/guitarra-barroca.html]
[palcacer.wixsite.com/palcacer/fr/instrumentos/tiorba.html]
[palcacer.wixsite.com/palcacer/fr/instrumentos/arciliuto.html]
[palcacer.wixsite.com/palcacer/fr/instrumentos/liuto-rinascimentale.html]
[palcacer.wixsite.com/palcacer/fr/instrumentos/vihuela.html]
[palcacer.wixsite.com/palcacer/fr/instrumentos/decodeURIComponent(e.html]
[palcacer.wixsite.com/palcacer/fr/projects-1/t.1b3.delayed]
[palcacer.wixsite.com/palcacer/fr/projects-1/e.1b4.delayed]
[palcacer.wixsite.com/palcacer/fr/projects-1/robots.1b7.delayed]
[palcacer.wixsite.com/palcacer/fr/projects-1/sitemap.1b8.delayed]
[palcacer.wixsite.com/palcacer/fr/projects-1/feed.1b9.delayed]
[palcacer.wixsite.com/palcacer/fr/projects-1/bologna-liutistica.html]
[palcacer.wixsite.com/palcacer/fr/projects-1/tres-territorios.html]
[palcacer.wixsite.com/palcacer/fr/projects-1/dos-peninsulas.html]
[palcacer.wixsite.com/palcacer/fr/projects-1/una-storia-fra-le-corde...html]
[palcacer.wixsite.com/palcacer/fr/projects-1/tanyer-de-gala.html]
[palcacer.wixsite.com/palcacer/fr/projects-1/decodeURIComponent(e.html]
[palcacer.wixsite.com/palcacer/fr/projects/t.1c3.delayed]
[palcacer.wixsite.com/palcacer/fr/projects/e.1c4.delayed]
[palcacer.wixsite.com/palcacer/fr/projects/robots.1c7.delayed]
[palcacer.wixsite.com/palcacer/fr/projects/sitemap.1c8.delayed]
[palcacer.wixsite.com/palcacer/fr/projects/feed.1c9.delayed]
[palcacer.wixsite.com/palcacer/fr/projects/anima-shirvani.html]
[palcacer.wixsite.com/palcacer/fr/projects/decodeURIComponent(e.html]
[palcacer.wixsite.com/palcacer/fr/projects/caravelle-della-musica.html]
[palcacer.wixsite.com/palcacer/fr/projects/viaggio-musicale-nell'emilia-del-'600.html]
[palcacer.wixsite.com/palcacer/fr/projects/viaggio-musicale-nell'emilia-del-600'.html]
[palcacer.wixsite.com/palcacer/fr/projects/volcania-.html]
[palcacer.wixsite.com/palcacer/fr/projects/arlecchino-innamorato.html]
[palcacer.wixsite.com/palcacer/fr/projects/arlecchino-innamorato-.html]
[palcacer.wixsite.com/palcacer/fr/projects/les-musiques-du-roi-soleil.html]
[palcacer.wixsite.com/palcacer/it/t.html]
[palcacer.wixsite.com/palcacer/it/e.html]
[palcacer.wixsite.com/palcacer/it/decodeURIComponent(e.html]
[palcacer.wixsite.com/palcacer/it/instrumentos/t.1d4.delayed]
[static.parastorage.com/services/wix-thunderbolt/dist/thunderbolt-commons.3032b96e.bundle.min.js]
[palcacer.wixsite.com/palcacer/it/instrumentos/e.1d5.delayed]
[static.wixstatic.com/media/f7ad3b_df3a2cd21c3f4a848152dc52f8b08425_mv2.jpeg/v1/fill/w_600,h_856,al_c,q_85,usm_2.00_1.00_0.00,enc_avif,quality_auto/DSC_2455.jpg]
[palcacer.wixsite.com/palcacer/it/instrumentos/robots.1d9.delayed]
[palcacer.wixsite.com/palcacer/it/instrumentos/sitemap.1da.delayed]
[palcacer.wixsite.com/palcacer/it/instrumentos/feed.1db.delayed]
[palcacer.wixsite.com/palcacer/it/instrumentos/guitarra-renacentista.html]
[palcacer.wixsite.com/palcacer/it/instrumentos/guitarra-barroca.html]
[static.wixstatic.com/media/f7ad3b_c958674dceb14a3582aa9bf75130d73b_mv2.jpeg/v1/fill/w_600,h_856,al_c,q_85,usm_2.00_1.00_0.00,enc_avif,quality_auto/DSC_2455.jpg]
[palcacer.wixsite.com/palcacer/it/instrumentos/decodeURIComponent(e.html]
[palcacer.wixsite.com/palcacer/it/instrumentos/tiorba.html]
[static.wixstatic.com/media/f7ad3b_22e48df821aa4885b66d0af01ec7efb0_mv2.jpeg/v1/fill/w_600,h_856,al_c,q_85,usm_2.00_1.00_0.00,enc_avif,quality_auto/DSC_2455.jpg]
[palcacer.wixsite.com/palcacer/it/instrumentos/arciliuto.html]
[static.wixstatic.com/media/f7ad3b_7554bb28684747e7a21f724fcbfc8fb3_mv2.jpeg/v1/fill/w_600,h_856,al_c,q_85,usm_2.00_1.00_0.00,enc_avif,quality_auto/DSC_2455.jpg]
[palcacer.wixsite.com/palcacer/it/instrumentos/liuto-rinascimentale.html]
[static.wixstatic.com/media/f7ad3b_8c693c15f5e24b1b98d35274146ab8dc_mv2.png/v1/fill/w_600,h_856,al_c,q_90,usm_2.00_1.00_0.00,enc_avif,quality_auto/DSC_2455.png]
[palcacer.wixsite.com/palcacer/it/instrumentos/vihuela.html]
[static.wixstatic.com/media/f7ad3b_f2bdb34ff17e4878ac71fa7d8b1e3fd3_mv2.jpeg/v1/fill/w_600,h_856,al_c,q_85,usm_2.00_1.00_0.00,enc_avif,quality_auto/DSC_2455.jpg]
[palcacer.wixsite.com/palcacer/it/projects-1/t.1ec.delayed]
[palcacer.wixsite.com/palcacer/it/projects-1/e.1ed.delayed]
[palcacer.wixsite.com/palcacer/it/projects-1/robots.1f0.delayed]
[palcacer.wixsite.com/palcacer/it/projects-1/sitemap.1f1.delayed]
[palcacer.wixsite.com/palcacer/it/projects-1/feed.1f2.delayed]
[palcacer.wixsite.com/palcacer/it/projects-1/bologna-liutistica.html]
[palcacer.wixsite.com/palcacer/it/projects-1/tres-territorios.html]
[palcacer.wixsite.com/palcacer/it/projects-1/dos-peninsulas.html]
[palcacer.wixsite.com/palcacer/it/projects-1/una-storia-fra-le-corde...html]
[palcacer.wixsite.com/palcacer/it/projects-1/tanyer-de-gala.html]
[palcacer.wixsite.com/palcacer/it/projects-1/decodeURIComponent(e.html]
[palcacer.wixsite.com/palcacer/it/projects/t.1fc.delayed]
[palcacer.wixsite.com/palcacer/it/projects/e.1fd.delayed]
[palcacer.wixsite.com/palcacer/it/projects/robots.200.delayed]
[palcacer.wixsite.com/palcacer/it/projects/sitemap.201.delayed]
[palcacer.wixsite.com/palcacer/it/projects/feed.202.delayed]
[palcacer.wixsite.com/palcacer/it/projects/anima-shirvani.html]
[palcacer.wixsite.com/palcacer/it/projects/caravelle-della-musica.html]
[palcacer.wixsite.com/palcacer/it/projects/viaggio-musicale-nell'emilia-del-'600.html]
[palcacer.wixsite.com/palcacer/it/projects/viaggio-musicale-nell'emilia-del-600'.html]
[palcacer.wixsite.com/palcacer/it/projects/volcania-.html]
[palcacer.wixsite.com/palcacer/it/projects/arlecchino-innamorato.html]
[palcacer.wixsite.com/palcacer/it/projects/arlecchino-innamorato-.html]
[palcacer.wixsite.com/palcacer/it/projects/les-musiques-du-roi-soleil.html]
[palcacer.wixsite.com/palcacer/en/instrumentos/t.html]
[palcacer.wixsite.com/palcacer/en/instrumentos/e.html]
[palcacer.wixsite.com/palcacer/it/projects/decodeURIComponent(e.html]
[palcacer.wixsite.com/palcacer/en/instrumentos/decodeURIComponent(e-2.html]
[palcacer.wixsite.com/palcacer/en/instrumentos/decodeuricomponent(e.20e.delayed]
[palcacer.wixsite.com/palcacer/en/instrumentos/decodeURIComponent(e.html]
[palcacer.wixsite.com/palcacer/en/projects-1/t.html]
[palcacer.wixsite.com/palcacer/en/projects-1/e.html]
[palcacer.wixsite.com/palcacer/en/projects-1/decodeURIComponent(e-2.html]
[palcacer.wixsite.com/palcacer/en/projects-1/decodeuricomponent(e.211.delayed]
[palcacer.wixsite.com/palcacer/en/projects-1/decodeURIComponent(e.html]
[palcacer.wixsite.com/palcacer/de/projects-1/tres-territorios.html]
[palcacer.wixsite.com/palcacer/en/projects/t.html]
[palcacer.wixsite.com/palcacer/en/projects/e.html]
[palcacer.wixsite.com/palcacer/en/projects/decodeuricomponent(e.216.delayed]
[palcacer.wixsite.com/palcacer/en/projects/decodeURIComponent(e.html]
[palcacer.wixsite.com/palcacer/en/projects/viaggio-musicale-nell'emilia-del-600'-2.html]
[palcacer.wixsite.com/palcacer/ca/projects/viaggio-musicale-nell'emilia-del-600'-2.html]
[palcacer.wixsite.com/palcacer/de/projects/viaggio-musicale-nell'emilia-del-600'-2.html]
[palcacer.wixsite.com/palcacer/fr/projects/viaggio-musicale-nell'emilia-del-600'-2.html]
[palcacer.wixsite.com/palcacer/it/projects/viaggio-musicale-nell'emilia-del-600'-2.html]
[palcacer.wixsite.com/palcacer/ca/instrumentos/t.html]
[palcacer.wixsite.com/palcacer/ca/instrumentos/e.html]
[palcacer.wixsite.com/palcacer/en/projects/decodeURIComponent(e-2.html]
[palcacer.wixsite.com/palcacer/ca/instrumentos/decodeuricomponent(e.217.delayed]
[palcacer.wixsite.com/palcacer/ca/instrumentos/decodeURIComponent(e.html]
[palcacer.wixsite.com/palcacer/ca/projects-1/t.html]
[palcacer.wixsite.com/palcacer/ca/projects-1/e.html]
[palcacer.wixsite.com/palcacer/ca/projects-1/decodeuricomponent(e.218.delayed]
[palcacer.wixsite.com/palcacer/ca/projects-1/decodeURIComponent(e.html]
[palcacer.wixsite.com/palcacer/ca/projects/t.html]
[palcacer.wixsite.com/palcacer/ca/projects/e.html]
[palcacer.wixsite.com/palcacer/ca/projects/decodeuricomponent(e.219.delayed]
[palcacer.wixsite.com/palcacer/ca/projects/decodeURIComponent(e.html]
[palcacer.wixsite.com/palcacer/de/instrumentos/t.html]
[palcacer.wixsite.com/palcacer/de/instrumentos/e.html]
[palcacer.wixsite.com/palcacer/de/instrumentos/decodeuricomponent(e.21a.delayed]
[palcacer.wixsite.com/palcacer/de/instrumentos/decodeURIComponent(e.html]
[palcacer.wixsite.com/palcacer/de/projects-1/t.html]
[palcacer.wixsite.com/palcacer/de/projects-1/e.html]
[palcacer.wixsite.com/palcacer/de/projects-1/decodeuricomponent(e.21b.delayed]
[palcacer.wixsite.com/palcacer/de/projects-1/decodeURIComponent(e.html]
[palcacer.wixsite.com/palcacer/de/projects/t.html]
[palcacer.wixsite.com/palcacer/de/projects/e.html]
[palcacer.wixsite.com/palcacer/de/projects/decodeuricomponent(e.21c.delayed]
[palcacer.wixsite.com/palcacer/de/projects/decodeURIComponent(e.html]
[palcacer.wixsite.com/palcacer/fr/instrumentos/t.html]
[palcacer.wixsite.com/palcacer/fr/instrumentos/e.html]
[palcacer.wixsite.com/palcacer/fr/instrumentos/decodeuricomponent(e.21d.delayed]
[palcacer.wixsite.com/palcacer/fr/instrumentos/decodeURIComponent(e.html]
[palcacer.wixsite.com/palcacer/fr/projects-1/t.html]
[palcacer.wixsite.com/palcacer/fr/projects-1/e.html]
[palcacer.wixsite.com/palcacer/fr/projects-1/decodeuricomponent(e.21e.delayed]
[palcacer.wixsite.com/palcacer/fr/projects-1/decodeURIComponent(e.html]
[palcacer.wixsite.com/palcacer/fr/projects/t.html]
[palcacer.wixsite.com/palcacer/fr/projects/e.html]
[palcacer.wixsite.com/palcacer/fr/projects/decodeuricomponent(e.21f.delayed]
[palcacer.wixsite.com/palcacer/fr/projects/decodeURIComponent(e.html]
[palcacer.wixsite.com/palcacer/it/instrumentos/t.html]
[palcacer.wixsite.com/palcacer/it/instrumentos/e.html]
[palcacer.wixsite.com/palcacer/it/instrumentos/decodeuricomponent(e.220.delayed]
[palcacer.wixsite.com/palcacer/it/instrumentos/decodeURIComponent(e.html]
[palcacer.wixsite.com/palcacer/it/projects-1/t.html]
[palcacer.wixsite.com/palcacer/it/projects-1/e.html]
[palcacer.wixsite.com/palcacer/it/projects-1/decodeuricomponent(e.221.delayed]
[palcacer.wixsite.com/palcacer/it/projects-1/decodeURIComponent(e.html]
[palcacer.wixsite.com/palcacer/it/projects/t.html]
[palcacer.wixsite.com/palcacer/it/projects/e.html]
[palcacer.wixsite.com/palcacer/it/projects/decodeuricomponent(e.222.delayed]
[palcacer.wixsite.com/palcacer/it/projects/decodeURIComponent(e.html]
[palcacer.wixsite.com/palcacer/en/instrumentos/decodeURIComponent(e-2.html]
[palcacer.wixsite.com/palcacer/en/instrumentos/decodeuricomponent(e-3.html]
[palcacer.wixsite.com/palcacer/en/projects-1/decodeURIComponent(e-2.html]
[palcacer.wixsite.com/palcacer/en/projects-1/decodeuricomponent(e-3.html]
[palcacer.wixsite.com/palcacer/en/projects/decodeURIComponent(e-2.html]
[palcacer.wixsite.com/palcacer/en/projects/decodeuricomponent(e-3.html]
[palcacer.wixsite.com/palcacer/ca/instrumentos/decodeuricomponent(e-2.html]
[palcacer.wixsite.com/palcacer/ca/projects-1/decodeuricomponent(e-2.html]
[palcacer.wixsite.com/palcacer/ca/projects/decodeuricomponent(e-2.html]
[palcacer.wixsite.com/palcacer/de/instrumentos/decodeuricomponent(e-2.html]
[palcacer.wixsite.com/palcacer/de/projects-1/decodeuricomponent(e-2.html]
[palcacer.wixsite.com/palcacer/de/projects/decodeuricomponent(e-2.html]
[palcacer.wixsite.com/palcacer/fr/instrumentos/decodeuricomponent(e-2.html]
[palcacer.wixsite.com/palcacer/fr/projects-1/decodeuricomponent(e-2.html]
[palcacer.wixsite.com/palcacer/fr/projects/decodeuricomponent(e-2.html]
[palcacer.wixsite.com/palcacer/it/instrumentos/decodeuricomponent(e-2.html]
[palcacer.wixsite.com/palcacer/it/projects-1/decodeuricomponent(e-2.html]
[palcacer.wixsite.com/palcacer/it/projects/decodeuricomponent(e-2.html]
[palcacer.wixsite.com/index.html]
[static.wixstatic.com/media/11062b_5a5073410c4a464c8b2c31b44c8d7083_mv2.png/v1/fill/w_26,h_26,al_c,q_85,usm_0.66_1.00_0.01,enc_avif,quality_auto/11062b_5a5073410c4a464c8b2c31b44c8d7083_mv2.png]
[static.wixstatic.com/media/f7ad3b_4199c5d26bd542da843a15bfd2ee8ec3_mv2.jpg/v1/fill/w_982,h_656,al_c,q_85,usm_0.66_1.00_0.01,enc_avif,quality_auto/DSC_9468.jpg]
[static.parastorage.com/unpkg/lodash@4.17.21/lodash.min.js]
[palcacer.wixsite.com/api/index.html]
[palcacer.wixsite.com/sitemap.html]
[palcacer.wixsite.com/feed.html]
[static.wixstatic.com/media/f7ad3b_3aeeff0d38444e208f0b93a107d9997e_mv2.jpg/v1/fill/w_32,h_21,al_c,q_80,usm_0.66_1.00_0.01,blur_2,e/f7ad3b_3aeeff0d38444e208f0b93a107d9997e_mv2.jpg]
[palcacer.wixsite.com/decodeURIComponent(e.html]
[static.wixstatic.com/media/f7ad3b_f1b263ecd4f0448592acd2734b238215_mv2.png/v1/fill/w_392,h_388,al_c,q_85,usm_0.66_1.00_0.01,enc_av/Captura de pantalla 2024-11-30 a las 16_49_34.png]
[palcacer.wixsite.com/palcacer/en/t.html]
[palcacer.wixsite.com/palcacer/en/robots.html]
[static.wixstatic.com/media/f7ad3b_4d617d929d1e47b6bf0d460d42f42d6f_mv2.png/v1/fill/w_425,h_430,al_c,q_85,usm_0.66_1.00_0.01,enc_avif,quality_auto/f7ad3b_4d617d929d1e47b6bf0d460d42f42d6f_mv2.png]
[palcacer.wixsite.com/palcacer/en/sitemap.html]
[static.wixstatic.com/media/f7ad3b_1d65fefd33554248b8b779b6e1cae43e_mv2.png/v1/fill/w_392,h_388,al_c,q_85,usm_0.66_1.00_0.01,enc_av/Captura de pantalla 2024-11-30 a las 17_32_27.png]
[palcacer.wixsite.com/palcacer/en/feed.html]
[static.wixstatic.com/media/f7ad3b_e15fdffaa3bd469ca1df168d86357658_mv2.png/v1/fill/w_392,h_388,al_c,q_85,usm_0.66_1.00_0.01,enc_av/Captura de pantalla 2024-11-30 a las 17_37_10.png]
[palcacer.wixsite.com/palcacer/en/decodeURIComponent(e-2.html]
[static.wixstatic.com/media/f7ad3b_e84197b0145f4e458c76730043c621b1_mv2.png/v1/fill/w_389,h_389,al_c,q_85,usm_0.66_1.00_0.01,enc_av/Captura de pantalla 2024-11-30 a las 17_28_33.png]
[static.wixstatic.com/media/f7ad3b_d190081d47374f44b375ca09c4d428c2_mv2.png/v1/fill/w_389,h_389,al_c,q_85,usm_0.66_1.00_0.01,enc_av/Captura de pantalla 2024-11-30 a las 17_37_39.png]
[static.wixstatic.com/media/f7ad3b_4c2097cff3554fe3a06234b39fb72ff0_mv2.jpg/v1/crop/x_290,y_0,w_1213,h_997/fill/w_806,h_662,al_c,q_85,usm_0.66_1.00_0.01,enc_avif,quality_auto/DSC_9447.jpg]
[static.wixstatic.com/media/f7ad3b_f2bdb34ff17e4878ac71fa7d8b1e3fd3_mv2.jpeg/v1/fill/w_70,h_104,al_c,q_80,usm_0.66_1.00_0.01,blur_2,enc_avif,quality_auto/DSC_2459.jpg]
[static.wixstatic.com/media/f7ad3b_4af4c84bdcce4bd7836111278ae0d18b_mv2.png/v1/fill/w_600,h_402,al_c,q_85,usm_0.66_1.00_0.01,enc_av/meta-eyJzcmNCdWNrZXQiOiJjb250ZW50LnNpdGV6b29nbGUuY29tIn0=_jpg.77]
[static.wixstatic.com/media/f7ad3b_3fdb0025ad7b4463a824aeb8023a5dd8_mv2.jpeg/v1/fill/w_982,h_775,al_c,q_85,usm_0.66_1.00_0.01,enc_avif,quality_auto/DSC_2439.jpg]
[static.wixstatic.com/media/f7ad3b_67fa3e2318ce4ceba61564fdef965eb5_mv2.jpg/v1/fill/w_978,h_653,al_c,q_85,usm_0.66_1.00_0.01,enc_avif,quality_auto/DSC_9492.jpg]
[static.wixstatic.com/media/f7ad3b_7f00d97b2b1b4656b4fe2dbfc63932a1_mv2.jpg/v1/fill/w_359,h_538,al_c,q_80,usm_0.66_1.00_0.01,enc_avif,quality_auto/DSC_9429.jpg]
[static.wixstatic.com/media/f7ad3b_6a822db738af4950bb193fee6464edab_mv2.jpg/v1/fill/w_383,h_216,al_c,q_80,usm_0.66_1.00_0.01,enc_avif,quality_auto/esperienze_culturali_e_segrete_1.jpg]
[static.wixstatic.com/media/f7ad3b_d868d15d24a14dd5bddc158d69fdb161_mv2.jpg/v1/fill/w_383,h_216,al_c,q_80,usm_0.66_1.00_0.01,enc_av/Caravaggio-The Lute Player-the Hermitage version-detail-1.7f.del]
[static.wixstatic.com/media/f7ad3b_c173856e95ac446ab7a002e44070453d_mv2.jpg/v1/fill/w_383,h_216,al_c,q_80,usm_0.66_1.00_0.01,enc_avif,quality_auto/1544_Battista_Agnese_Worldmap-2.jpg]
[static.wixstatic.com/media/f7ad3b_a52a9d0e062641eda85491adf9934eb6_mv2.jpg/v1/fill/w_383,h_216,al_c,q_80,usm_0.66_1.00_0.01,enc_avif,quality_auto/1594_Orbis_Plancius_2,12_MB.jpg]
[static.wixstatic.com/media/f7ad3b_b749165288bc4f9bb1a0390b403d4804_mv2.jpg/v1/fill/w_53,h_53,al_c,q_80,usm_0.66_1.00_0.01,blur_2,e/11062b_fd5c21cdc57f4b19b00f8ec0988396fe_.jpg]
[static.wixstatic.com/media/f7ad3b_6527c7d3eb544bcea32f4b9662a9e3fa_mv2.jpe/v1/fill/w_71,h_53,al_c,q_80,usm_0.66_1.00_0.01,blur_2,e/11062b_fd5c21cdc57f4b19b00f8ec0988396fe_.jpg]
[static.wixstatic.com/media/f7ad3b_1479ce2c085d4660871ef4337adeafeb_mv2.jpg/v1/fill/w_443,h_322,al_c,q_80,usm_0.66_1.00_0.01,enc_avif,quality_auto/DSC_9448.jpg]
[static.wixstatic.com/media/f7ad3b_df3a2cd21c3f4a848152dc52f8b08425_mv2.jpeg/v1/fill/w_600,h_856,al_c,q_85,usm_0.66_1.00_0.01,enc_avif,quality_auto/DSC_2455.jpg]
[static.wixstatic.com/media/f7ad3b_c958674dceb14a3582aa9bf75130d73b_mv2.jpeg/v1/fill/w_600,h_856,al_c,q_85,usm_0.66_1.00_0.01,enc_avif,quality_auto/DSC_2455.jpg]
[static.wixstatic.com/media/f7ad3b_22e48df821aa4885b66d0af01ec7efb0_mv2.jpeg/v1/fill/w_600,h_856,al_c,q_85,usm_0.66_1.00_0.01,enc_avif,quality_auto/DSC_2455.jpg]
[static.wixstatic.com/media/f7ad3b_7554bb28684747e7a21f724fcbfc8fb3_mv2.jpeg/v1/fill/w_600,h_856,al_c,q_85,usm_0.66_1.00_0.01,enc_avif,quality_auto/DSC_2455.jpg]
[static.wixstatic.com/media/f7ad3b_8c693c15f5e24b1b98d35274146ab8dc_mv2.png/v1/fill/w_600,h_856,al_c,q_90,usm_0.66_1.00_0.01,enc_avif,quality_auto/DSC_2455.png]
[static.wixstatic.com/media/f7ad3b_f2bdb34ff17e4878ac71fa7d8b1e3fd3_mv2.jpeg/v1/fill/w_600,h_856,al_c,q_85,usm_0.66_1.00_0.01,enc_avif,quality_auto/DSC_2455.jpg]
[static.wixstatic.com/media/f7ad3b_6a822db738af4950bb193fee6464edab_mv2.jpg/v1/fill/w_147,h_83,al_c,q_80,usm_0.66_1.00_0.01,blur_2,enc_auto/f7ad3b_6a822db738af4950bb193fee6464edab_mv2.jpg]
[static.wixstatic.com/media/f7ad3b_c173856e95ac446ab7a002e44070453d_mv2.jpg/v1/fill/w_147,h_100,al_c,q_80,usm_0.66_1.00_0.01,blur_2,enc_auto/f7ad3b_c173856e95ac446ab7a002e44070453d_mv2.jpg]
[static.wixstatic.com/media/f7ad3b_a52a9d0e062641eda85491adf9934eb6_mv2.jpg/v1/fill/w_147,h_104,al_c,q_80,usm_0.66_1.00_0.01,blur_2,enc_auto/f7ad3b_a52a9d0e062641eda85491adf9934eb6_mv2.jpg]
[static.wixstatic.com/media/f7ad3b_d868d15d24a14dd5bddc158d69fdb161_mv2.jpg/v1/fill/w_147,h_91,al_c,q_80,usm_0.66_1.00_0.01,blur_2,enc_auto/f7ad3b_d868d15d24a14dd5bddc158d69fdb161_mv2.jpg]
[static.wixstatic.com/media/f7ad3b_66f6a3e7fa2144bda44149bb33583e0b_mv2.jpg/v1/fill/w_144,h_207,al_c,q_80,usm_0.66_1.00_0.01,blur_2,enc_auto/f7ad3b_66f6a3e7fa2144bda44149bb33583e0b_mv2.jpg]
[palcacer.wixsite.com/palcacer/ca/t.html]
[static.wixstatic.com/media/f7ad3b_12dbbff7b2ed41eb822b143542aaa891_mv2.jpg/v1/fill/w_147,h_221,al_c,q_80,usm_0.66_1.00_0.01,blur_2,enc_auto/f7ad3b_12dbbff7b2ed41eb822b143542aaa891_mv2.jpg]
[palcacer.wixsite.com/palcacer/ca/robots.html]
[static.wixstatic.com/media/f7ad3b_bea74108c79d46d98f7ad45132a1cb6a_mv2.jpeg/v1/fill/w_147,h_98,al_c,q_80,usm_0.66_1.00_0.01,blur_2,enc_auto/f7ad3b_bea74108c79d46d98f7ad45132a1cb6a_mv2.jpg]
[palcacer.wixsite.com/palcacer/ca/sitemap.html]
[static.wixstatic.com/media/f7ad3b_4af4c84bdcce4bd7836111278ae0d18b_mv2.png/v1/fill/w_49,h_33,al_c,q_85,usm_0.66_1.00_0.01,blur_2,enc_auto/f7ad3b_4af4c84bdcce4bd7836111278ae0d18b_mv2.png]
[palcacer.wixsite.com/palcacer/ca/feed.html]
[static.wixstatic.com/media/f7ad3b_4dd0c3b975a2444e8fac98c5e83503ae_mv2.jpeg/v1/fill/w_147,h_83,al_c,q_80,usm_0.66_1.00_0.01,blur_2,enc_auto/f7ad3b_4dd0c3b975a2444e8fac98c5e83503ae_mv2.jpg]
[palcacer.wixsite.com/palcacer/de/robots.html]
[static.wixstatic.com/media/f7ad3b_6527c7d3eb544bcea32f4b9662a9e3fa_mv2.jpeg/v1/fill/w_144,h_108,al_c,q_80,usm_0.66_1.00_0.01,blur_2,enc_auto/f7ad3b_6527c7d3eb544bcea32f4b9662a9e3fa_mv2.jpg]
[palcacer.wixsite.com/palcacer/de/sitemap.html]
[static.wixstatic.com/media/f7ad3b_df3a2cd21c3f4a848152dc52f8b08425_mv2.jpeg/v1/fill/w_600,h_856,al_c,q_85,usm_2.00_1.00_0.00,enc_avif,quality_auto/DSC_2455.jpg]
[palcacer.wixsite.com/palcacer/de/feed.html]
[static.wixstatic.com/media/f7ad3b_c958674dceb14a3582aa9bf75130d73b_mv2.jpeg/v1/fill/w_600,h_856,al_c,q_85,usm_2.00_1.00_0.00,enc_avif,quality_auto/DSC_2455.jpg]
[palcacer.wixsite.com/palcacer/fr/robots.html]
[static.wixstatic.com/media/f7ad3b_22e48df821aa4885b66d0af01ec7efb0_mv2.jpeg/v1/fill/w_600,h_856,al_c,q_85,usm_2.00_1.00_0.00,enc_avif,quality_auto/DSC_2455.jpg]
[palcacer.wixsite.com/palcacer/fr/sitemap.html]
[static.wixstatic.com/media/f7ad3b_7554bb28684747e7a21f724fcbfc8fb3_mv2.jpeg/v1/fill/w_600,h_856,al_c,q_85,usm_2.00_1.00_0.00,enc_avif,quality_auto/DSC_2455.jpg]
[palcacer.wixsite.com/palcacer/fr/feed.html]
[palcacer.wixsite.com/palcacer/it/robots.html]
[static.wixstatic.com/media/f7ad3b_8c693c15f5e24b1b98d35274146ab8dc_mv2.png/v1/fill/w_600,h_856,al_c,q_90,usm_2.00_1.00_0.00,enc_avif,quality_auto/DSC_2455.png]
[palcacer.wixsite.com/palcacer/it/sitemap.html]
[static.wixstatic.com/media/f7ad3b_f2bdb34ff17e4878ac71fa7d8b1e3fd3_mv2.jpeg/v1/fill/w_600,h_856,al_c,q_85,usm_2.00_1.00_0.00,enc_avif,quality_auto/DSC_2455.jpg]
[palcacer.wixsite.com/palcacer/it/feed.html]
[palcacer.wixsite.com/palcacer/en/instrumentos/robots.html]
[palcacer.wixsite.com/palcacer/en/instrumentos/sitemap.html]
[palcacer.wixsite.com/palcacer/en/instrumentos/feed.html]
[palcacer.wixsite.com/palcacer/en/projects-1/t.html]
[palcacer.wixsite.com/palcacer/en/projects-1/robots.html]
[palcacer.wixsite.com/palcacer/en/projects-1/sitemap.html]
[palcacer.wixsite.com/palcacer/en/projects-1/feed.html]
[palcacer.wixsite.com/palcacer/en/projects/t.html]
[palcacer.wixsite.com/palcacer/en/projects/robots.html]
[palcacer.wixsite.com/palcacer/en/projects/sitemap.html]
[palcacer.wixsite.com/palcacer/en/projects/feed.html]
[palcacer.wixsite.com/palcacer/ca/instrumentos/t.html]
[palcacer.wixsite.com/palcacer/ca/instrumentos/robots.html]
[palcacer.wixsite.com/palcacer/ca/instrumentos/sitemap.html]
[palcacer.wixsite.com/palcacer/ca/instrumentos/feed.html]
[palcacer.wixsite.com/palcacer/ca/projects-1/robots.html]
[palcacer.wixsite.com/palcacer/ca/projects-1/sitemap.html]
[palcacer.wixsite.com/palcacer/ca/projects-1/feed.html]
[palcacer.wixsite.com/palcacer/ca/projects/robots.html]
[palcacer.wixsite.com/palcacer/ca/projects/sitemap.html]
[palcacer.wixsite.com/palcacer/ca/projects/feed.html]
[palcacer.wixsite.com/palcacer/de/instrumentos/robots.html]
[palcacer.wixsite.com/palcacer/de/instrumentos/sitemap.html]
[palcacer.wixsite.com/palcacer/de/instrumentos/feed.html]
[palcacer.wixsite.com/palcacer/de/projects-1/robots.html]
[palcacer.wixsite.com/palcacer/de/projects-1/sitemap.html]
[palcacer.wixsite.com/palcacer/de/projects-1/feed.html]
[palcacer.wixsite.com/palcacer/de/projects/robots.html]
[palcacer.wixsite.com/palcacer/de/projects/sitemap.html]
[palcacer.wixsite.com/palcacer/de/projects/feed.html]
[palcacer.wixsite.com/palcacer/fr/instrumentos/robots.html]
[palcacer.wixsite.com/palcacer/fr/instrumentos/sitemap.html]
[palcacer.wixsite.com/palcacer/fr/instrumentos/feed.html]
[palcacer.wixsite.com/palcacer/fr/projects-1/robots.html]
[palcacer.wixsite.com/palcacer/fr/projects-1/sitemap.html]
[palcacer.wixsite.com/palcacer/fr/projects-1/feed.html]
[palcacer.wixsite.com/palcacer/fr/projects/robots.html]
[palcacer.wixsite.com/palcacer/fr/projects/sitemap.html]
[palcacer.wixsite.com/palcacer/fr/projects/feed.html]
[palcacer.wixsite.com/palcacer/it/instrumentos/t.html]
[palcacer.wixsite.com/palcacer/it/instrumentos/robots.html]
[palcacer.wixsite.com/palcacer/it/instrumentos/sitemap.html]
[palcacer.wixsite.com/palcacer/it/instrumentos/feed.html]
[palcacer.wixsite.com/palcacer/it/projects-1/t.html]
[palcacer.wixsite.com/palcacer/it/projects-1/robots.html]
[palcacer.wixsite.com/palcacer/it/projects-1/sitemap.html]
[palcacer.wixsite.com/palcacer/it/projects-1/feed.html]
[palcacer.wixsite.com/palcacer/it/projects/robots.html]
[palcacer.wixsite.com/palcacer/it/projects/sitemap.html]
[palcacer.wixsite.com/palcacer/it/projects/feed.html]
[palcacer.wixsite.com/palcacer/en/projects-1/bologna-liutistica.html]
[palcacer.wixsite.com/palcacer/en/projects-1/tres-territorios.html]
[palcacer.wixsite.com/palcacer/en/projects-1/una-storia-fra-le-corde...html]
[palcacer.wixsite.com/palcacer/en/projects-1/tanyer-de-gala.html]
[palcacer.wixsite.com/palcacer/en/projects/volcania-.html]
[palcacer.wixsite.com/palcacer/en/projects-1/decodeURIComponent(e.html]
[palcacer.wixsite.com/palcacer/en/projects/viaggio-musicale-nell'emilia-del-600'-2.html]
